MariaDB [(none)]> SHOW DATABASES;
+--------------------+
| Database           |
+--------------------+
| information_schema |
| lab_pwl            |
| moovit             |
| mysql              |
| performance_schema |
| phpmyadmin         |
| test               |
| ujiansbd           |
+--------------------+
8 rows in set (0.000 sec)

MariaDB [(none)]> USE ujiansbd
Database changed
MariaDB [ujiansbd]> CREATE VIEW nim_211402077 AS
    -> SELECT a.id as 'Task Id', a.task_name as 'Nama Task', a.task_status as 'Status', a.category_id as 'Kategori Indikator', b.category_name as 'Kategori', c.indicator_name as 'Indikator', a.user_create as 'Creator Id', d.name as 'Creator Name', a.task_priority as 'Prioritas'
    -> FROM task_plans a
    -> RIGHT JOIN task_categories b
    -> ON a.category_id = b.id
    -> RIGHT JOIN task_indicators c
    -> ON a.category_id = c.id
    -> RIGHT JOIN users d
    -> ON a.user_create = d.id;
ERROR 1050 (42S01): Table 'nim_211402077' already exists
MariaDB [ujiansbd]> SELECT a.id, a.task_name, b.task_status, b.task_comments, d.category_name as 'Category',DATEDIFF(a.task_duration_end, a.ask_duration_start) as 'Lama Pengerjaan',c.name as 'Create By', (SELECT name from users where users.id = b.user_verify_id ) as 'Verified By'FROM task_plans aRIGHT JOIN task_dailies b ON a.id = b.plan_idINNER JOIN users c ON b.user_id = c.idRIGHT JOIN task_categories d ON a.category_id = d.id;
ERROR 1054 (42S22): Unknown column 'a.id' in 'field list'
MariaDB [ujiansbd]> notee
